<span class="foobar">test</span>
<span class="foobar">test2</span>
