<a href="http://example.com">A</a>
<b>B</b>
<c class="class" title="title">C</c>
D
