<table>
	<tr>
		<th>Head</th>
		<td></td></tr></table><div class="block-2">Column</div><table><tr><td></td>
	</tr>
</table>

<p>
	<b>
		</b></p><div class="block-1">Lorem ipsum</div><p><b>
	</b>
</p>
