<a href="http://example.com">http://example.com</a>
<a href="https://example.com">https://example.com</a>
<a href="http://www.example.com">www.example.com</a>
example.com
<a href="mailto:example&#64;example.com">example&#64;<!-- -->example.com</a>
