<p>
	<b>handler1</b>
	<em>handler2 with arg1; arg2</em>
	<div class="handler-3">handler3</div>
	{{notFound}}

	&lt;textHandler&gt;
</p>
