<div class="table-wrapper"><table>
	<tr>
		<th>Head</th>
		<td>Column</td>
	</tr>
</table></div>

<div class="code-block"><pre class="code">Super code
$a = 0;
</pre></div>

<p>
	Lorem ipsum
</p>
